ERC report (2026-03-09T13:47:45-0500, Encoding UTF8)

***** Sheet /
[power_pin_not_driven]: Input Power pin not driven by any Output Power pins
    ; error
    @(1800 mils, 1900 mils): Symbol #PWR01 Pin 1 [Power input, Line]
[label_dangling]: Label not connected to anything
    ; error
    @(1200 mils, 2400 mils): Label '5V0_~{EN}'
[power_pin_not_driven]: Input Power pin not driven by any Output Power pins
    ; error
    @(1300 mils, 2800 mils): Symbol #PWR014 Pin 1 [Power input, Line]
[pin_not_driven]: Input pin not driven by any Output pins
    ; error
    @(1700 mils, 2600 mils): Symbol U5 Pin 2 [~{EN}, Input, Line]
[label_dangling]: Label not connected to anything
    ; error
    @(550 mils, 4300 mils): Label '3V3_~{EN}'
[label_dangling]: Label not connected to anything
    ; error
    @(3350 mils, 2950 mils): Label '+5V0_rail'
[pin_not_driven]: Input pin not driven by any Output pins
    ; error
    @(1050 mils, 4500 mils): Symbol U6 Pin 2 [~{EN}, Input, Line]
[power_pin_not_driven]: Input Power pin not driven by any Output Power pins
    ; error
    @(650 mils, 4700 mils): Symbol #PWR013 Pin 1 [Power input, Line]
[pin_not_connected]: Pin not connected
    ; error
    @(5900 mils, 2000 mils): Symbol U3 Pin 7 [NRST, Input, Line]
[pin_not_driven]: Input pin not driven by any Output pins
    ; error
    @(5900 mils, 2000 mils): Symbol U3 Pin 7 [NRST, Input, Line]
[label_dangling]: Label not connected to anything
    ; error
    @(600 mils, 6250 mils): Label '1V8_ON'
[pin_not_connected]: Pin not connected
    ; error
    @(5900 mils, 2200 mils): Symbol U3 Pin 44 [BOOT0, Input, Line]
[pin_not_driven]: Input pin not driven by any Output pins
    ; error
    @(5900 mils, 2200 mils): Symbol U3 Pin 44 [BOOT0, Input, Line]
[pin_not_connected]: Pin not connected
    ; error
    @(5900 mils, 2400 mils): Symbol U3 Pin 5 [PD0, Bidirectional, Line]
[pin_not_connected]: Pin not connected
    ; error
    @(5900 mils, 2500 mils): Symbol U3 Pin 6 [PD1, Bidirectional, Line]
[pin_not_connected]: Pin not connected
    ; error
    @(5900 mils, 2700 mils): Symbol U3 Pin 2 [PC13, Bidirectional, Line]
[pin_not_connected]: Pin not connected
    ; error
    @(5900 mils, 2800 mils): Symbol U3 Pin 3 [PC14, Bidirectional, Line]
[pin_not_connected]: Pin not connected
    ; error
    @(5900 mils, 2900 mils): Symbol U3 Pin 4 [PC15, Bidirectional, Line]
[pin_not_driven]: Input pin not driven by any Output pins
    ; error
    @(1350 mils, 6450 mils): Symbol U4 Pin 1 [ON, Input, Line]
[pin_not_connected]: Pin not connected
    ; error
    @(6400 mils, 1700 mils): Symbol U3 Pin 1 [VBAT, Power input, Line]
[power_pin_not_driven]: Input Power pin not driven by any Output Power pins
    ; error
    @(6400 mils, 1700 mils): Symbol U3 Pin 1 [VBAT, Power input, Line]
[pin_not_connected]: Pin not connected
    ; error
    @(5900 mils, 3100 mils): Symbol U3 Pin 18 [PB0, Bidirectional, Line]
[pin_not_connected]: Pin not connected
    ; error
    @(5900 mils, 3200 mils): Symbol U3 Pin 19 [PB1, Bidirectional, Line]
[pin_not_connected]: Pin not connected
    ; error
    @(6500 mils, 1700 mils): Symbol U3 Pin 24 [VDD, Power input, Line]
[power_pin_not_driven]: Input Power pin not driven by any Output Power pins
    ; error
    @(6500 mils, 1700 mils): Symbol U3 Pin 24 [VDD, Power input, Line]
[pin_not_connected]: Pin not connected
    ; error
    @(5900 mils, 3300 mils): Symbol U3 Pin 20 [PB2, Bidirectional, Line]
[power_pin_not_driven]: Input Power pin not driven by any Output Power pins
    ; error
    @(950 mils, 6700 mils): Symbol #PWR012 Pin 1 [Power input, Line]
[pin_not_connected]: Pin not connected
    ; error
    @(5900 mils, 3400 mils): Symbol U3 Pin 39 [PB3, Bidirectional, Line]
[pin_not_connected]: Pin not connected
    ; error
    @(6600 mils, 1700 mils): Symbol U3 Pin 36 [VDD, Power input, Line]
[power_pin_not_driven]: Input Power pin not driven by any Output Power pins
    ; error
    @(6600 mils, 1700 mils): Symbol U3 Pin 36 [VDD, Power input, Line]
[pin_not_connected]: Pin not connected
    ; error
    @(5900 mils, 3500 mils): Symbol U3 Pin 40 [PB4, Bidirectional, Line]
[pin_not_connected]: Pin not connected
    ; error
    @(6700 mils, 1700 mils): Symbol U3 Pin 48 [VDD, Power input, Line]
[power_pin_not_driven]: Input Power pin not driven by any Output Power pins
    ; error
    @(6700 mils, 1700 mils): Symbol U3 Pin 48 [VDD, Power input, Line]
[pin_not_connected]: Pin not connected
    ; error
    @(6800 mils, 1700 mils): Symbol U3 Pin 9 [VDDA, Power input, Line]
[power_pin_not_driven]: Input Power pin not driven by any Output Power pins
    ; error
    @(6800 mils, 1700 mils): Symbol U3 Pin 9 [VDDA, Power input, Line]
[pin_not_connected]: Pin not connected
    ; error
    @(5900 mils, 4100 mils): Symbol U3 Pin 21 [PB10, Bidirectional, Line]
[pin_not_connected]: Pin not connected
    ; error
    @(7300 mils, 2000 mils): Symbol U3 Pin 10 [PA0, Bidirectional, Line]
[pin_not_connected]: Pin not connected
    ; error
    @(7300 mils, 2100 mils): Symbol U3 Pin 11 [PA1, Bidirectional, Line]
[pin_not_connected]: Pin not connected
    ; error
    @(7300 mils, 2200 mils): Symbol U3 Pin 12 [PA2, Bidirectional, Line]
[pin_not_connected]: Pin not connected
    ; error
    @(4800 mils, 5950 mils): Symbol U2 Pin 6 [OSC1, Input, Line]
[pin_not_driven]: Input pin not driven by any Output pins
    ; error
    @(4800 mils, 5950 mils): Symbol U2 Pin 6 [OSC1, Input, Line]
[pin_not_connected]: Pin not connected
    ; error
    @(7300 mils, 2300 mils): Symbol U3 Pin 13 [PA3, Bidirectional, Line]
[pin_not_connected]: Pin not connected
    ; error
    @(7300 mils, 2800 mils): Symbol U3 Pin 29 [PA8, Bidirectional, Line]
[pin_not_connected]: Pin not connected
    ; error
    @(7300 mils, 2900 mils): Symbol U3 Pin 30 [PA9, Bidirectional, Line]
[pin_not_connected]: Pin not connected
    ; error
    @(7300 mils, 3000 mils): Symbol U3 Pin 31 [PA10, Bidirectional, Line]
[pin_not_connected]: Pin not connected
    ; error
    @(7300 mils, 3100 mils): Symbol U3 Pin 32 [PA11, Bidirectional, Line]
[pin_not_connected]: Pin not connected
    ; error
    @(7300 mils, 3300 mils): Symbol U3 Pin 34 [PA13, Bidirectional, Line]
[pin_not_connected]: Pin not connected
    ; error
    @(7300 mils, 3400 mils): Symbol U3 Pin 37 [PA14, Bidirectional, Line]
[pin_not_connected]: Pin not connected
    ; error
    @(7300 mils, 3500 mils): Symbol U3 Pin 38 [PA15, Bidirectional, Line]
[pin_not_connected]: Pin not connected
    ; error
    @(6000 mils, 5550 mils): Symbol U2 Pin 3 [CLKO/SOF, Output, Line]
[pin_not_connected]: Pin not connected
    ; error
    @(6600 mils, 4900 mils): Symbol U3 Pin 23 [VSS, Power input, Line]
[power_pin_not_driven]: Input Power pin not driven by any Output Power pins
    ; error
    @(6600 mils, 4900 mils): Symbol U3 Pin 23 [VSS, Power input, Line]
[pin_not_connected]: Pin not connected
    ; error
    @(6700 mils, 4900 mils): Symbol U3 Pin 8 [VSSA, Power input, Line]
[power_pin_not_driven]: Input Power pin not driven by any Output Power pins
    ; error
    @(6700 mils, 4900 mils): Symbol U3 Pin 8 [VSSA, Power input, Line]
[unconnected_wire_endpoint]: Unconnected wire endpoint
    ; warning
    @(6000 mils, 5550 mils): Horizontal Wire, length 550 mils

 ** ERC messages: 55  Errors 54  Warnings 1
